<h1>Visit <compono-link><a href="https://umono.io">Umono</a></compono-link></h1><h2>Visit <compono-link><a href="https://umono.io">Umono</a></compono-link></h2><h3>Visit <compono-link><a href="https://umono.io">Umono</a></compono-link></h3><h4>Visit <compono-link><a href="https://umono.io">Umono</a></compono-link></h4><h5>Visit <compono-link><a href="https://umono.io">Umono</a></compono-link></h5><h6>Visit <compono-link><a href="https://umono.io">Umono</a></compono-link></h6>
